cat: nonexeistent1: No such file or directory (os error 2)
